------------------------------------------------------------
Timing Analyzer Summary
------------------------------------------------------------

Type  : Slow 1200mV 85C Model Setup 'trans_done'
Slack : -8.510
TNS   : -338.047

Type  : Slow 1200mV 85C Model Setup 'sys_clk'
Slack : -6.382
TNS   : -481.938

Type  : Slow 1200mV 85C Model Hold 'trans_done'
Slack : 0.435
TNS   : 0.000

Type  : Slow 1200mV 85C Model Hold 'sys_clk'
Slack : 0.453
TNS   : 0.000

Type  : Slow 1200mV 85C Model Minimum Pulse Width 'sys_clk'
Slack : -3.000
TNS   : -153.187

Type  : Slow 1200mV 85C Model Minimum Pulse Width 'trans_done'
Slack : -1.487
TNS   : -80.298

Type  : Slow 1200mV 0C Model Setup 'trans_done'
Slack : -7.764
TNS   : -304.780

Type  : Slow 1200mV 0C Model Setup 'sys_clk'
Slack : -5.922
TNS   : -447.126

Type  : Slow 1200mV 0C Model Hold 'trans_done'
Slack : 0.384
TNS   : 0.000

Type  : Slow 1200mV 0C Model Hold 'sys_clk'
Slack : 0.401
TNS   : 0.000

Type  : Slow 1200mV 0C Model Minimum Pulse Width 'sys_clk'
Slack : -3.000
TNS   : -153.187

Type  : Slow 1200mV 0C Model Minimum Pulse Width 'trans_done'
Slack : -1.487
TNS   : -80.311

Type  : Fast 1200mV 0C Model Setup 'trans_done'
Slack : -3.106
TNS   : -117.768

Type  : Fast 1200mV 0C Model Setup 'sys_clk'
Slack : -2.125
TNS   : -146.600

Type  : Fast 1200mV 0C Model Hold 'sys_clk'
Slack : 0.169
TNS   : 0.000

Type  : Fast 1200mV 0C Model Hold 'trans_done'
Slack : 0.179
TNS   : 0.000

Type  : Fast 1200mV 0C Model Minimum Pulse Width 'sys_clk'
Slack : -3.000
TNS   : -110.558

Type  : Fast 1200mV 0C Model Minimum Pulse Width 'trans_done'
Slack : -1.000
TNS   : -54.000

------------------------------------------------------------
