Analysis & Synthesis report for C4MB_test
Wed May 08 21:48:20 2024
Quartus Prime Version 18.1.0 Build 625 09/12/2018 SJ Standard Edition


---------------------
; Table of Contents ;
---------------------
  1. Legal Notice
  2. Analysis & Synthesis Summary
  3. Analysis & Synthesis Settings
  4. Parallel Compilation
  5. Analysis & Synthesis Source Files Read
  6. Analysis & Synthesis Resource Usage Summary
  7. Analysis & Synthesis Resource Utilization by Entity
  8. Registers Removed During Synthesis
  9. General Register Statistics
 10. Inverted Register Statistics
 11. Multiplexer Restructuring Statistics (Restructuring Performed)
 12. Parameter Settings for User Entity Instance: Top-level Entity: |new_uart
 13. Post-Synthesis Netlist Statistics for Top Partition
 14. Elapsed Time Per Partition
 15. Analysis & Synthesis Messages
 16. Analysis & Synthesis Suppressed Messages



----------------
; Legal Notice ;
----------------
Copyright (C) 2018  Intel Corporation. All rights reserved.
Your use of Intel Corporation's design tools, logic functions 
and other software and tools, and its AMPP partner logic 
functions, and any output files from any of the foregoing 
(including device programming or simulation files), and any 
associated documentation or information are expressly subject 
to the terms and conditions of the Intel Program License 
Subscription Agreement, the Intel Quartus Prime License Agreement,
the Intel FPGA IP License Agreement, or other applicable license
agreement, including, without limitation, that your use is for
the sole purpose of programming logic devices manufactured by
Intel and sold by Intel or its authorized distributors.  Please
refer to the applicable agreement for further details.



+--------------------------------------------------------------------------------------+
; Analysis & Synthesis Summary                                                         ;
+------------------------------------+-------------------------------------------------+
; Analysis & Synthesis Status        ; Successful - Wed May 08 21:48:20 2024           ;
; Quartus Prime Version              ; 18.1.0 Build 625 09/12/2018 SJ Standard Edition ;
; Revision Name                      ; C4MB_test                                       ;
; Top-level Entity Name              ; new_uart                                        ;
; Family                             ; Cyclone IV E                                    ;
; Total logic elements               ; 378                                             ;
;     Total combinational functions  ; 375                                             ;
;     Dedicated logic registers      ; 155                                             ;
; Total registers                    ; 155                                             ;
; Total pins                         ; 6                                               ;
; Total virtual pins                 ; 0                                               ;
; Total memory bits                  ; 0                                               ;
; Embedded Multiplier 9-bit elements ; 0                                               ;
; Total PLLs                         ; 0                                               ;
+------------------------------------+-------------------------------------------------+


+------------------------------------------------------------------------------------------------------------+
; Analysis & Synthesis Settings                                                                              ;
+------------------------------------------------------------------+--------------------+--------------------+
; Option                                                           ; Setting            ; Default Value      ;
+------------------------------------------------------------------+--------------------+--------------------+
; Device                                                           ; EP4CE6F17C8        ;                    ;
; Top-level entity name                                            ; new_uart           ; C4MB_test          ;
; Family name                                                      ; Cyclone IV E       ; Cyclone V          ;
; Use smart compilation                                            ; Off                ; Off                ;
; Enable parallel Assembler and Timing Analyzer during compilation ; On                 ; On                 ;
; Enable compact report table                                      ; Off                ; Off                ;
; Restructure Multiplexers                                         ; Auto               ; Auto               ;
; Create Debugging Nodes for IP Cores                              ; Off                ; Off                ;
; Preserve fewer node names                                        ; On                 ; On                 ;
; Intel FPGA IP Evaluation Mode                                    ; Enable             ; Enable             ;
; Verilog Version                                                  ; Verilog_2001       ; Verilog_2001       ;
; VHDL Version                                                     ; VHDL_1993          ; VHDL_1993          ;
; State Machine Processing                                         ; Auto               ; Auto               ;
; Safe State Machine                                               ; Off                ; Off                ;
; Extract Verilog State Machines                                   ; On                 ; On                 ;
; Extract VHDL State Machines                                      ; On                 ; On                 ;
; Ignore Verilog initial constructs                                ; Off                ; Off                ;
; Iteration limit for constant Verilog loops                       ; 5000               ; 5000               ;
; Iteration limit for non-constant Verilog loops                   ; 250                ; 250                ;
; Add Pass-Through Logic to Inferred RAMs                          ; On                 ; On                 ;
; Infer RAMs from Raw Logic                                        ; On                 ; On                 ;
; Parallel Synthesis                                               ; On                 ; On                 ;
; DSP Block Balancing                                              ; Auto               ; Auto               ;
; NOT Gate Push-Back                                               ; On                 ; On                 ;
; Power-Up Don't Care                                              ; On                 ; On                 ;
; Remove Redundant Logic Cells                                     ; Off                ; Off                ;
; Remove Duplicate Registers                                       ; On                 ; On                 ;
; Ignore CARRY Buffers                                             ; Off                ; Off                ;
; Ignore CASCADE Buffers                                           ; Off                ; Off                ;
; Ignore GLOBAL Buffers                                            ; Off                ; Off                ;
; Ignore ROW GLOBAL Buffers                                        ; Off                ; Off                ;
; Ignore LCELL Buffers                                             ; Off                ; Off                ;
; Ignore SOFT Buffers                                              ; On                 ; On                 ;
; Limit AHDL Integers to 32 Bits                                   ; Off                ; Off                ;
; Optimization Technique                                           ; Balanced           ; Balanced           ;
; Carry Chain Length                                               ; 70                 ; 70                 ;
; Auto Carry Chains                                                ; On                 ; On                 ;
; Auto Open-Drain Pins                                             ; On                 ; On                 ;
; Perform WYSIWYG Primitive Resynthesis                            ; Off                ; Off                ;
; Auto ROM Replacement                                             ; On                 ; On                 ;
; Auto RAM Replacement                                             ; On                 ; On                 ;
; Auto DSP Block Replacement                                       ; On                 ; On                 ;
; Auto Shift Register Replacement                                  ; Auto               ; Auto               ;
; Allow Shift Register Merging across Hierarchies                  ; Auto               ; Auto               ;
; Auto Clock Enable Replacement                                    ; On                 ; On                 ;
; Strict RAM Replacement                                           ; Off                ; Off                ;
; Allow Synchronous Control Signals                                ; On                 ; On                 ;
; Force Use of Synchronous Clear Signals                           ; Off                ; Off                ;
; Auto RAM Block Balancing                                         ; On                 ; On                 ;
; Auto RAM to Logic Cell Conversion                                ; Off                ; Off                ;
; Auto Resource Sharing                                            ; Off                ; Off                ;
; Allow Any RAM Size For Recognition                               ; Off                ; Off                ;
; Allow Any ROM Size For Recognition                               ; Off                ; Off                ;
; Allow Any Shift Register Size For Recognition                    ; Off                ; Off                ;
; Use LogicLock Constraints during Resource Balancing              ; On                 ; On                 ;
; Ignore translate_off and synthesis_off directives                ; Off                ; Off                ;
; Timing-Driven Synthesis                                          ; On                 ; On                 ;
; Report Parameter Settings                                        ; On                 ; On                 ;
; Report Source Assignments                                        ; On                 ; On                 ;
; Report Connectivity Checks                                       ; On                 ; On                 ;
; Ignore Maximum Fan-Out Assignments                               ; Off                ; Off                ;
; Synchronization Register Chain Length                            ; 2                  ; 2                  ;
; Power Optimization During Synthesis                              ; Normal compilation ; Normal compilation ;
; HDL message level                                                ; Level2             ; Level2             ;
; Suppress Register Optimization Related Messages                  ; Off                ; Off                ;
; Number of Removed Registers Reported in Synthesis Report         ; 5000               ; 5000               ;
; Number of Swept Nodes Reported in Synthesis Report               ; 5000               ; 5000               ;
; Number of Inverted Registers Reported in Synthesis Report        ; 100                ; 100                ;
; Clock MUX Protection                                             ; On                 ; On                 ;
; Auto Gated Clock Conversion                                      ; Off                ; Off                ;
; Block Design Naming                                              ; Auto               ; Auto               ;
; SDC constraint protection                                        ; Off                ; Off                ;
; Synthesis Effort                                                 ; Auto               ; Auto               ;
; Shift Register Replacement - Allow Asynchronous Clear Signal     ; On                 ; On                 ;
; Pre-Mapping Resynthesis Optimization                             ; Off                ; Off                ;
; Analysis & Synthesis Message Level                               ; Medium             ; Medium             ;
; Disable Register Merging Across Hierarchies                      ; Auto               ; Auto               ;
; Resource Aware Inference For Block RAM                           ; On                 ; On                 ;
+------------------------------------------------------------------+--------------------+--------------------+


+------------------------------------------+
; Parallel Compilation                     ;
+----------------------------+-------------+
; Processors                 ; Number      ;
+----------------------------+-------------+
; Number detected on machine ; 16          ;
; Maximum allowed            ; 10          ;
;                            ;             ;
; Average used               ; 1.00        ;
; Maximum used               ; 10          ;
;                            ;             ;
; Usage by Processor         ; % Time Used ;
;     Processor 1            ; 100.0%      ;
;     Processor 2            ;   0.0%      ;
;     Processors 3-10        ;   0.0%      ;
+----------------------------+-------------+


+------------------------------------------------------------------------------------------------------------------------------------------------------+
; Analysis & Synthesis Source Files Read                                                                                                               ;
+----------------------------------+-----------------+------------------------+--------------------------------------------------------------+---------+
; File Name with User-Entered Path ; Used in Netlist ; File Type              ; File Name with Absolute Path                                 ; Library ;
+----------------------------------+-----------------+------------------------+--------------------------------------------------------------+---------+
; ../src/new_uart.v                ; yes             ; User Verilog HDL File  ; F:/embeded_learning/race/project/uart4.0/C4MB/src/new_uart.v ;         ;
+----------------------------------+-----------------+------------------------+--------------------------------------------------------------+---------+


+-------------------------------------------------------------+
; Analysis & Synthesis Resource Usage Summary                 ;
+---------------------------------------------+---------------+
; Resource                                    ; Usage         ;
+---------------------------------------------+---------------+
; Estimated Total logic elements              ; 378           ;
;                                             ;               ;
; Total combinational functions               ; 375           ;
; Logic element usage by number of LUT inputs ;               ;
;     -- 4 input functions                    ; 168           ;
;     -- 3 input functions                    ; 36            ;
;     -- <=2 input functions                  ; 171           ;
;                                             ;               ;
; Logic elements by mode                      ;               ;
;     -- normal mode                          ; 251           ;
;     -- arithmetic mode                      ; 124           ;
;                                             ;               ;
; Total registers                             ; 155           ;
;     -- Dedicated logic registers            ; 155           ;
;     -- I/O registers                        ; 0             ;
;                                             ;               ;
; I/O pins                                    ; 6             ;
;                                             ;               ;
; Embedded Multiplier 9-bit elements          ; 0             ;
;                                             ;               ;
; Maximum fan-out node                        ; sys_clk~input ;
; Maximum fan-out                             ; 101           ;
; Total fan-out                               ; 1627          ;
; Average fan-out                             ; 3.00          ;
+---------------------------------------------+---------------+


+----------------------------------------------------------------------------------------------------------------------------------------------------------------------------------------------------------+
; Analysis & Synthesis Resource Utilization by Entity                                                                                                                                                      ;
+----------------------------+---------------------+---------------------------+-------------+--------------+---------+-----------+------+--------------+---------------------+-------------+--------------+
; Compilation Hierarchy Node ; Combinational ALUTs ; Dedicated Logic Registers ; Memory Bits ; DSP Elements ; DSP 9x9 ; DSP 18x18 ; Pins ; Virtual Pins ; Full Hierarchy Name ; Entity Name ; Library Name ;
+----------------------------+---------------------+---------------------------+-------------+--------------+---------+-----------+------+--------------+---------------------+-------------+--------------+
; |new_uart                  ; 375 (375)           ; 155 (155)                 ; 0           ; 0            ; 0       ; 0         ; 6    ; 0            ; |new_uart           ; new_uart    ; work         ;
+----------------------------+---------------------+---------------------------+-------------+--------------+---------+-----------+------+--------------+---------------------+-------------+--------------+
Note: For table entries with two numbers listed, the numbers in parentheses indicate the number of resources of the given type used by the specific entity alone. The numbers listed outside of parentheses indicate the total resources of the given type used by the specific entity and all of its sub-entities in the hierarchy.


+--------------------------------------------------------------------------------------------------------------------------------------------------------------------------------------------------------------------------------------------------------------------------------------------------------------------------------------------------------------------------------------------------------------------------------------------------------------------------------------------------------------------------------------------------------------------------------------------------------------------------------------------------------------------------------------------------------------------------------------------------------------------------------------------------------------------------------------------------------------------------------------------------------------------------------------------------------------------------------------------------------------------------+
; Registers Removed During Synthesis                                                                                                                                                                                                                                                                                                                                                                                                                                                                                                                                                                                                                                                                                                                                                                                                                                                                                                                                                                                       ;
+---------------------------------------------------------------------------------------------------------------------------------------------------------------------------------------------------------------------------------------------------------------------------------------------------------------------------------------------------------------------------------------------------------------------------------------------------------------------------------------------------------------------------------------------------------------------------------------------------------------------------------------------------------------------------------------------------------------------------------------------------------------------------------------------------------------------------------------------------------------------------------------------------------------------------------------------------------------------------------+----------------------------------------+
; Register name                                                                                                                                                                                                                                                                                                                                                                                                                                                                                                                                                                                                                                                                                                                                                                                                                                                                                                                                                                   ; Reason for Removal                     ;
+---------------------------------------------------------------------------------------------------------------------------------------------------------------------------------------------------------------------------------------------------------------------------------------------------------------------------------------------------------------------------------------------------------------------------------------------------------------------------------------------------------------------------------------------------------------------------------------------------------------------------------------------------------------------------------------------------------------------------------------------------------------------------------------------------------------------------------------------------------------------------------------------------------------------------------------------------------------------------------+----------------------------------------+
; instr_array[97]                                                                                                                                                                                                                                                                                                                                                                                                                                                                                                                                                                                                                                                                                                                                                                                                                                                                                                                                                                 ; Merged with instr[97]                  ;
; instr_array[91]                                                                                                                                                                                                                                                                                                                                                                                                                                                                                                                                                                                                                                                                                                                                                                                                                                                                                                                                                                 ; Merged with instr[91]                  ;
; instr_array[34]                                                                                                                                                                                                                                                                                                                                                                                                                                                                                                                                                                                                                                                                                                                                                                                                                                                                                                                                                                 ; Merged with instr[34]                  ;
; instr_array[33]                                                                                                                                                                                                                                                                                                                                                                                                                                                                                                                                                                                                                                                                                                                                                                                                                                                                                                                                                                 ; Merged with instr[33]                  ;
; instr_array[32]                                                                                                                                                                                                                                                                                                                                                                                                                                                                                                                                                                                                                                                                                                                                                                                                                                                                                                                                                                 ; Merged with instr[32]                  ;
; instr_array[3,5,7,9,70,72,74,82,86,94,199,202,206,214,217,222,224,226,230,232,242,246,248,250,254,256,479,481,483,487,489,491,495,497,499,503,505,507,511,513,515,519,523,527,529,531,535,537,539,543,545,547,551,553,555,557,559,563,567,569,571,575,579,585,609,625,633]                                                                                                                                                                                                                                                                                                                                                                                                                                                                                                                                                                                                                                                                                                      ; Merged with instr[199]                 ;
; instr_array[209]                                                                                                                                                                                                                                                                                                                                                                                                                                                                                                                                                                                                                                                                                                                                                                                                                                                                                                                                                                ; Merged with instr[209]                 ;
; instr_array[211]                                                                                                                                                                                                                                                                                                                                                                                                                                                                                                                                                                                                                                                                                                                                                                                                                                                                                                                                                                ; Merged with instr[211]                 ;
; instr_array[216]                                                                                                                                                                                                                                                                                                                                                                                                                                                                                                                                                                                                                                                                                                                                                                                                                                                                                                                                                                ; Merged with instr[216]                 ;
; instr_array[218]                                                                                                                                                                                                                                                                                                                                                                                                                                                                                                                                                                                                                                                                                                                                                                                                                                                                                                                                                                ; Merged with instr[218]                 ;
; instr_array[65,286,472]                                                                                                                                                                                                                                                                                                                                                                                                                                                                                                                                                                                                                                                                                                                                                                                                                                                                                                                                                         ; Merged with instr[286]                 ;
; instr_array[321]                                                                                                                                                                                                                                                                                                                                                                                                                                                                                                                                                                                                                                                                                                                                                                                                                                                                                                                                                                ; Merged with instr[321]                 ;
; instr_array[331]                                                                                                                                                                                                                                                                                                                                                                                                                                                                                                                                                                                                                                                                                                                                                                                                                                                                                                                                                                ; Merged with instr[331]                 ;
; instr_array[4,8,16,47,51,55,59,63,67,71,75,79,83,87,96,107,154,158,162,166,170,174,178,182,186,190,194,203,207,215,225,233,237,241,249,257,258,284,378,382,386,390,394,398,402,406,410,414,418,422,426,430,434,443,447,455,462,466,470,482,486,490,494,498,502,506,510,514,518,522,526,530,534,538,542,550,554,576,583,584]                                                                                                                                                                                                                                                                                                                                                                                                                                                                                                                                                                                                                                                     ; Merged with instr[378]                 ;
; instr_array[10,24,35,39,43,77,95,99,103..105,110,122,126,130,134,138,142,146,150,168,176,192,201,223,231,239,247,255,262,263,271,279,282,289,297,313,317,323,327,334,338,342,346,350,362,366,370,374,396,404,516,524,566,574,582,587,590,599,606,614,615,622,630,638]                                                                                                                                                                                                                                                                                                                                                                                                                                                                                                                                                                                                                                                                                                           ; Merged with instr[396]                 ;
; instr_array[449]                                                                                                                                                                                                                                                                                                                                                                                                                                                                                                                                                                                                                                                                                                                                                                                                                                                                                                                                                                ; Merged with instr[449]                 ;
; instr_array[451]                                                                                                                                                                                                                                                                                                                                                                                                                                                                                                                                                                                                                                                                                                                                                                                                                                                                                                                                                                ; Merged with instr[451]                 ;
; instr_array[456]                                                                                                                                                                                                                                                                                                                                                                                                                                                                                                                                                                                                                                                                                                                                                                                                                                                                                                                                                                ; Merged with instr[456]                 ;
; instr_array[457]                                                                                                                                                                                                                                                                                                                                                                                                                                                                                                                                                                                                                                                                                                                                                                                                                                                                                                                                                                ; Merged with instr[457]                 ;
; instr_array[458]                                                                                                                                                                                                                                                                                                                                                                                                                                                                                                                                                                                                                                                                                                                                                                                                                                                                                                                                                                ; Merged with instr[458]                 ;
; instr_array[561]                                                                                                                                                                                                                                                                                                                                                                                                                                                                                                                                                                                                                                                                                                                                                                                                                                                                                                                                                                ; Merged with instr[561]                 ;
; instr_array[11,19,23,25,27,31,38,98,102,106,111,113,115,117,119,121,123,127,129,131,135,137,139,143,145,147,264..266,273,274,288,290,294,296,298,302,304,306,310,312,314,322,326,329,335,337,339,343,345,347,351,353,355,357,359,361,363,367,577,592,595,597,603,607,608,616,624,636,639]                                                                                                                                                                                                                                                                                                                                                                                                                                                                                                                                                                                                                                                                                       ; Merged with instr[592]                 ;
; instr_array[14,22,26,30,49,57,73,81,89,112,128,136,144,156,164,219,227,235,243,251,259,267,270,275,278,283,287,291,295,299,303,307,311,315,319,336,344,352,368,376,384,408,416,432,441,464,488,496,504,528,536,552,562,578,586,591,593,601,602,610,617,618,626,634]                                                                                                                                                                                                                                                                                                                                                                                                                                                                                                                                                                                                                                                                                                             ; Merged with instr[602]                 ;
; instr_array[15,17,18,42,44,46,48,50,54,56,58,62,64,66,151,153,155,159,163,167,169,171,175,177,179,183,185,187,191,193,195,197,276,369,371,375,377,379,383,385,387,391,393,395,399,403,407,409,411,415,417,419,423,427,431,433,435,437,439,442,446,454,459,463,465,467,471,473,475,477,611,619,623,627,631,635]                                                                                                                                                                                                                                                                                                                                                                                                                                                                                                                                                                                                                                                                  ; Merged with instr[611]                 ;
; instr_array[12,93,198,221,229,245,253,261,269,277,438,474,478,546,558,564,568,572,580,588,596,600,604,612,620,628,629]                                                                                                                                                                                                                                                                                                                                                                                                                                                                                                                                                                                                                                                                                                                                                                                                                                                          ; Merged with instr_array[0]             ;
; instr_array[52,60,68,109,161,165,173,181,189,204,212,280,389,397,401,405,413,421,425,429,444,452,461,469,485,493,581]                                                                                                                                                                                                                                                                                                                                                                                                                                                                                                                                                                                                                                                                                                                                                                                                                                                           ; Merged with instr_array[1]             ;
; instr_array[13,20,28,53,61,69,85,114,118,184,213,293,301,305,309,354,358,412,420,428,436,445,460,468,476,484,492,500,508,532,540,548,556,598,605,621]                                                                                                                                                                                                                                                                                                                                                                                                                                                                                                                                                                                                                                                                                                                                                                                                                           ; Merged with instr_array[2]             ;
; instr_array[37,41,45,100,101,108,116,120,124,132,140,148,152,160,172,180,188,205,325,332,340,348,356,360,364,372,380,388,392,400,424,453,480,512,520,544,570,594]                                                                                                                                                                                                                                                                                                                                                                                                                                                                                                                                                                                                                                                                                                                                                                                                               ; Merged with instr_array[6]             ;
; instr_array[29,36,40,125,133,141,149,157,268,272,281,285,292,300,308,316,318,324,333,341,349,365,373,381,613,632]                                                                                                                                                                                                                                                                                                                                                                                                                                                                                                                                                                                                                                                                                                                                                                                                                                                               ; Merged with instr_array[21]            ;
; instr_array[78,80,84,88,92,196,220,228,234,236,238,240,244,252,260,501,509,517,521,525,533,541,549,565,573,589,637]                                                                                                                                                                                                                                                                                                                                                                                                                                                                                                                                                                                                                                                                                                                                                                                                                                                             ; Merged with instr_array[76]            ;
; instr[286,378,396,592,602,611]                                                                                                                                                                                                                                                                                                                                                                                                                                                                                                                                                                                                                                                                                                                                                                                                                                                                                                                                                  ; Merged with instr[199]                 ;
; instr_array[1,2,6,21,76]                                                                                                                                                                                                                                                                                                                                                                                                                                                                                                                                                                                                                                                                                                                                                                                                                                                                                                                                                        ; Merged with instr_array[0]             ;
; instr[1,2,6,12,13,20,21,28,29,36,37,40,41,45,52,53,60,61,68,69,76,78,80,84,85,88,92,93,100,101,108,109,114,116,118,120,124,125,132,133,140,141,148,149,152,157,160,161,165,172,173,180,181,184,188,189,196,198,204,205,212,213,220,221,228,229,234,236,238,240,244,245,252,253,260,261,268,269,272,277,280,281,285,292,293,300,301,305,308,309,316,318,324,325,332,333,340,341,348,349,354,356,358,360,364,365,372,373,380,381,388,389,392,397,400,401,405,412,413,420,421,424,425,428,429,436,438,444,445,452,453,460,461,468,469,474,476,478,480,484,485,492,493,500,501,508,509,512,517,520,521,525,532,533,540,541,544,546,548,549,556,558,564,565,568,570,572,573,580,581,588,589,594,596,598,600,604,605,612,613,620,621,628,629,632,637]                                                                                                                                                                                                                                 ; Merged with instr[0]                   ;
; instr[3..5,7..11,14..19,22..27,30,31,35,38,39,42..44,46..51,54..59,62..67,70..75,77,79,81..83,86,87,89,94..96,98,99,103..107,110..113,115,117,119,121..123,126..131,134..139,142..147,150,151,153..156,158,159,162..164,166..171,174..179,182,183,185..187,190..195,197,199,201..203,206,207,214,215,217,219,222..227,230..233,235,237,239,241..243,246..251,254..259,262..267,270,271,273..276,278,279,282..284,287..291,294..299,302..304,306,307,310..315,317,319,322,323,326,327,329,334..339,342..347,350..353,355,357,359,361..363,366..371,374..377,379,382..387,390,391,393..395,398,399,402..404,406..411,414..419,422,423,426,427,430..435,437,439,441..443,446,447,454,455,459,462..467,470..473,475,477,479,481..483,486..491,494..499,502..507,510,511,513..516,518,519,522..524,526..531,534..539,542,543,545,547,550..555,557,559,562,563,566,567,569,571,574..579,582..587,590,591,593,595,597,599,601,603,606..610,614..619,622..627,630,631,633..636,638,639] ; Merged with instr[102]                 ;
; instr[320,328,448]                                                                                                                                                                                                                                                                                                                                                                                                                                                                                                                                                                                                                                                                                                                                                                                                                                                                                                                                                              ; Merged with instr[208]                 ;
; instr[331,449]                                                                                                                                                                                                                                                                                                                                                                                                                                                                                                                                                                                                                                                                                                                                                                                                                                                                                                                                                                  ; Merged with instr[32]                  ;
; instr_array[320,328,448]                                                                                                                                                                                                                                                                                                                                                                                                                                                                                                                                                                                                                                                                                                                                                                                                                                                                                                                                                        ; Merged with instr_array[208]           ;
; instr_array[90,450]                                                                                                                                                                                                                                                                                                                                                                                                                                                                                                                                                                                                                                                                                                                                                                                                                                                                                                                                                             ; Merged with instr_array[210]           ;
; instr[216,218,321]                                                                                                                                                                                                                                                                                                                                                                                                                                                                                                                                                                                                                                                                                                                                                                                                                                                                                                                                                              ; Merged with instr[209]                 ;
; instr[91,97,451]                                                                                                                                                                                                                                                                                                                                                                                                                                                                                                                                                                                                                                                                                                                                                                                                                                                                                                                                                                ; Merged with instr[211]                 ;
; instr[90,450]                                                                                                                                                                                                                                                                                                                                                                                                                                                                                                                                                                                                                                                                                                                                                                                                                                                                                                                                                                   ; Merged with instr[210]                 ;
; instr[102]                                                                                                                                                                                                                                                                                                                                                                                                                                                                                                                                                                                                                                                                                                                                                                                                                                                                                                                                                                      ; Stuck at GND due to stuck port data_in ;
; instr_array[0]                                                                                                                                                                                                                                                                                                                                                                                                                                                                                                                                                                                                                                                                                                                                                                                                                                                                                                                                                                  ; Stuck at VCC due to stuck port data_in ;
; Total Number of Removed Registers = 1258                                                                                                                                                                                                                                                                                                                                                                                                                                                                                                                                                                                                                                                                                                                                                                                                                                                                                                                                        ;                                        ;
+---------------------------------------------------------------------------------------------------------------------------------------------------------------------------------------------------------------------------------------------------------------------------------------------------------------------------------------------------------------------------------------------------------------------------------------------------------------------------------------------------------------------------------------------------------------------------------------------------------------------------------------------------------------------------------------------------------------------------------------------------------------------------------------------------------------------------------------------------------------------------------------------------------------------------------------------------------------------------------+----------------------------------------+


+------------------------------------------------------+
; General Register Statistics                          ;
+----------------------------------------------+-------+
; Statistic                                    ; Value ;
+----------------------------------------------+-------+
; Total registers                              ; 155   ;
; Number of registers using Synchronous Clear  ; 64    ;
; Number of registers using Synchronous Load   ; 0     ;
; Number of registers using Asynchronous Clear ; 97    ;
; Number of registers using Asynchronous Load  ; 0     ;
; Number of registers using Clock Enable       ; 36    ;
; Number of registers using Preset             ; 0     ;
+----------------------------------------------+-------+


+--------------------------------------------------+
; Inverted Register Statistics                     ;
+----------------------------------------+---------+
; Inverted Register                      ; Fan out ;
+----------------------------------------+---------+
; uart_txd[0]~reg0                       ; 3       ;
; instr_array[208]                       ; 1       ;
; instr_array[200]                       ; 1       ;
; instr_array[440]                       ; 1       ;
; instr_array[330]                       ; 1       ;
; instr_array[210]                       ; 1       ;
; instr_array[560]                       ; 1       ;
; Total number of inverted registers = 7 ;         ;
+----------------------------------------+---------+


+------------------------------------------------------------------------------------------------------------------------------------------+
; Multiplexer Restructuring Statistics (Restructuring Performed)                                                                           ;
+--------------------+-----------+---------------+----------------------+------------------------+------------+----------------------------+
; Multiplexer Inputs ; Bus Width ; Baseline Area ; Area if Restructured ; Saving if Restructured ; Registered ; Example Multiplexer Output ;
+--------------------+-----------+---------------+----------------------+------------------------+------------+----------------------------+
; 3:1                ; 2 bits    ; 4 LEs         ; 2 LEs                ; 2 LEs                  ; Yes        ; |new_uart|trans_free       ;
; 3:1                ; 32 bits   ; 64 LEs        ; 32 LEs               ; 32 LEs                 ; Yes        ; |new_uart|clk_cnt[26]      ;
; 4:1                ; 32 bits   ; 64 LEs        ; 32 LEs               ; 32 LEs                 ; Yes        ; |new_uart|word_cnt[0]      ;
; 4:1                ; 32 bits   ; 64 LEs        ; 32 LEs               ; 32 LEs                 ; Yes        ; |new_uart|tx_cnt[5]        ;
+--------------------+-----------+---------------+----------------------+------------------------+------------+----------------------------+


+--------------------------------------------------------------------------+
; Parameter Settings for User Entity Instance: Top-level Entity: |new_uart ;
+----------------+----------+----------------------------------------------+
; Parameter Name ; Value    ; Type                                         ;
+----------------+----------+----------------------------------------------+
; CLK_FREQ       ; 50000000 ; Signed Integer                               ;
; UART_BPS       ; 115200   ; Signed Integer                               ;
+----------------+----------+----------------------------------------------+
Note: In order to hide this table in the UI and the text report file, please set the "Show Parameter Settings in Synthesis Report" option in "Analysis and Synthesis Settings -> More Settings" to "Off".


+-----------------------------------------------------+
; Post-Synthesis Netlist Statistics for Top Partition ;
+-----------------------+-----------------------------+
; Type                  ; Count                       ;
+-----------------------+-----------------------------+
; boundary_port         ; 6                           ;
; cycloneiii_ff         ; 155                         ;
;     CLR               ; 29                          ;
;     CLR SCLR          ; 32                          ;
;     ENA CLR           ; 4                           ;
;     ENA CLR SCLR      ; 32                          ;
;     plain             ; 58                          ;
; cycloneiii_lcell_comb ; 376                         ;
;     arith             ; 124                         ;
;         2 data inputs ; 124                         ;
;     normal            ; 252                         ;
;         1 data inputs ; 11                          ;
;         2 data inputs ; 37                          ;
;         3 data inputs ; 36                          ;
;         4 data inputs ; 168                         ;
;                       ;                             ;
; Max LUT depth         ; 11.90                       ;
; Average LUT depth     ; 6.60                        ;
+-----------------------+-----------------------------+


+-------------------------------+
; Elapsed Time Per Partition    ;
+----------------+--------------+
; Partition Name ; Elapsed Time ;
+----------------+--------------+
; Top            ; 00:00:01     ;
+----------------+--------------+


+-------------------------------+
; Analysis & Synthesis Messages ;
+-------------------------------+
Info: *******************************************************************
Info: Running Quartus Prime Analysis & Synthesis
    Info: Version 18.1.0 Build 625 09/12/2018 SJ Standard Edition
    Info: Processing started: Wed May 08 21:48:12 2024
Info: Command: quartus_map --read_settings_files=on --write_settings_files=off C4MB_test -c C4MB_test
Warning (18236): Number of processors has not been specified which may cause overloading on shared machines.  Set the global assignment NUM_PARALLEL_PROCESSORS in your QSF to an appropriate value for best performance.
Info (20030): Parallel compilation is enabled and will use 10 of the 10 processors detected
Info (12021): Found 1 design units, including 1 entities, in source file /embeded_learning/race/project/uart4.0/c4mb/src/new_uart.v
    Info (12023): Found entity 1: new_uart File: F:/embeded_learning/race/project/uart4.0/C4MB/src/new_uart.v Line: 4
Info (12127): Elaborating entity "new_uart" for the top level hierarchy
Warning (10230): Verilog HDL assignment warning at new_uart.v(41): truncated value with size 32 to match size of target (8) File: F:/embeded_learning/race/project/uart4.0/C4MB/src/new_uart.v Line: 41
Warning (10230): Verilog HDL assignment warning at new_uart.v(42): truncated value with size 32 to match size of target (8) File: F:/embeded_learning/race/project/uart4.0/C4MB/src/new_uart.v Line: 42
Warning (10230): Verilog HDL assignment warning at new_uart.v(43): truncated value with size 32 to match size of target (8) File: F:/embeded_learning/race/project/uart4.0/C4MB/src/new_uart.v Line: 43
Warning (10230): Verilog HDL assignment warning at new_uart.v(44): truncated value with size 32 to match size of target (8) File: F:/embeded_learning/race/project/uart4.0/C4MB/src/new_uart.v Line: 44
Warning (10230): Verilog HDL assignment warning at new_uart.v(48): truncated value with size 32 to match size of target (8) File: F:/embeded_learning/race/project/uart4.0/C4MB/src/new_uart.v Line: 48
Warning (10230): Verilog HDL assignment warning at new_uart.v(49): truncated value with size 32 to match size of target (8) File: F:/embeded_learning/race/project/uart4.0/C4MB/src/new_uart.v Line: 49
Warning (10230): Verilog HDL assignment warning at new_uart.v(50): truncated value with size 32 to match size of target (8) File: F:/embeded_learning/race/project/uart4.0/C4MB/src/new_uart.v Line: 50
Warning (10230): Verilog HDL assignment warning at new_uart.v(51): truncated value with size 32 to match size of target (8) File: F:/embeded_learning/race/project/uart4.0/C4MB/src/new_uart.v Line: 51
Warning (10230): Verilog HDL assignment warning at new_uart.v(55): truncated value with size 32 to match size of target (8) File: F:/embeded_learning/race/project/uart4.0/C4MB/src/new_uart.v Line: 55
Warning (10230): Verilog HDL assignment warning at new_uart.v(70): truncated value with size 32 to match size of target (8) File: F:/embeded_learning/race/project/uart4.0/C4MB/src/new_uart.v Line: 70
Warning (10762): Verilog HDL Case Statement warning at new_uart.v(94): can't check case statement for completeness because the case expression has too many possible states File: F:/embeded_learning/race/project/uart4.0/C4MB/src/new_uart.v Line: 94
Warning (10762): Verilog HDL Case Statement warning at new_uart.v(237): can't check case statement for completeness because the case expression has too many possible states File: F:/embeded_learning/race/project/uart4.0/C4MB/src/new_uart.v Line: 237
Info (13000): Registers with preset signals will power-up high File: F:/embeded_learning/race/project/uart4.0/C4MB/src/new_uart.v Line: 236
Info (13003): DEV_CLRn pin will set, and not reset, register with preset signal due to NOT Gate Push-Back
Info (286030): Timing-Driven Synthesis is running
Info (144001): Generated suppressed messages file F:/embeded_learning/race/project/uart4.0/C4MB/prj/output_files/C4MB_test.map.smsg
Info (16010): Generating hard_block partition "hard_block:auto_generated_inst"
    Info (16011): Adding 0 node(s), including 0 DDIO, 0 PLL, 0 transceiver and 0 LCELL
Info (21057): Implemented 394 device resources after synthesis - the final resource count might be different
    Info (21058): Implemented 3 input pins
    Info (21059): Implemented 3 output pins
    Info (21061): Implemented 388 logic cells
Info: Quartus Prime Analysis & Synthesis was successful. 0 errors, 13 warnings
    Info: Peak virtual memory: 4841 megabytes
    Info: Processing ended: Wed May 08 21:48:20 2024
    Info: Elapsed time: 00:00:08
    Info: Total CPU time (on all processors): 00:00:03


+------------------------------------------+
; Analysis & Synthesis Suppressed Messages ;
+------------------------------------------+
The suppressed messages can be found in F:/embeded_learning/race/project/uart4.0/C4MB/prj/output_files/C4MB_test.map.smsg.


